// Jest Snapshot v1, https://goo.gl/fbAQLP

exports[`Cart checkout Should return an object with the total and the list of items 1`] = `
{
  "items": [
    {
      "product": {
        "price": 35388,
        "title": "Tenis Ous",
      },
      "quantity": 2,
    },
    {
      "product": {
        "price": 41872,
        "title": "Shape Element",
      },
      "quantity": 3,
    },
  ],
  "total": 196392,
}
`;

exports[`Cart checkout Should return an object with the total and the list of items when sumary() is called 1`] = `
{
  "items": [
    {
      "product": {
        "price": 35388,
        "title": "Tenis Ous",
      },
      "quantity": 2,
    },
    {
      "product": {
        "price": 41872,
        "title": "Shape Element",
      },
      "quantity": 3,
    },
  ],
  "total": 196392,
}
`;
